// Jest Snapshot v1, https://goo.gl/fbAQLP

exports[`Layout displays properly 1`] = `
Array [
  <div>
    <nav>
      <div>
        Logo
      </div>
      <ul>
        <li>
          <a
            href="/"
            onClick={[Function]}
            onMouseEnter={[Function]}
          >
            Home
          </a>
        </li>
        <li>
          <a
            href="/contact"
            onClick={[Function]}
            onMouseEnter={[Function]}
          >
            Contact
          </a>
        </li>
      </ul>
    </nav>
    <main>
      Home page
    </main>
  </div>,
  <footer>
    Brand name © 
    2021
  </footer>,
]
`;

exports[`Link changes the class when hovered 1`] = `
Array [
  <div>
    <nav>
      <div>
        Logo
      </div>
      <ul>
        <li>
          <a
            href="/"
            onClick={[Function]}
            onMouseEnter={[Function]}
          >
            Home
          </a>
        </li>
        <li>
          <a
            href="/contact"
            onClick={[Function]}
            onMouseEnter={[Function]}
          >
            Contact
          </a>
        </li>
      </ul>
    </nav>
    <main>
      Home page
    </main>
  </div>,
  <footer>
    Brand name © 
    2021
  </footer>,
]
`;
